NAME          BLANK   
ROWS
 N  OBJROW
 G  R0000000
 L  R0000001
 E  R0000002
 L  R0000003
 L  R0000004
COLUMNS
    C0000000  OBJROW    1.             R0000000  3.          
    C0000000  R0000004  5.6         
    C0000001  R0000000  1.             R0000001  2.          
    C0000002  R0000001  1.1            R0000002  1.          
    C0000003  R0000000   -2.           R0000003  2.8         
    C0000004  OBJROW    2.             R0000000   -1.        
    C0000004  R0000004  1.          
    C0000005  R0000002  1.          
    C0000006  R0000003   -1.2       
    C0000007  OBJROW     -1.           R0000000   -1.        
    C0000007  R0000004  1.9         
RHS
    RHS       R0000000  2.5            R0000001  2.1         
    RHS       R0000002  4.             R0000003  5.          
    RHS       R0000004  15.         
RANGES
    RANGE     R0000003  3.2            R0000004  12.         
BOUNDS
 LO BOUND     C0000000  2.5         
 UP BOUND     C0000001  4.1         
 BV BOUND     C0000002  1.          
 BV BOUND     C0000003  1.          
 LO BOUND     C0000004  0.5         
 UP BOUND     C0000004  4.          
 UP BOUND     C0000007  4.3         
ENDATA
